
m:\bw1bect0_ATP_CONSTRUCTION_R2_int\TGMT_WCU_SW\ATP_BUILD>rem run in "M:\bw1bect0_ATP_CONSTRUCTION_R2_int\TGMT_WCU_SW\ATP_BUILD" 

m:\bw1bect0_ATP_CONSTRUCTION_R2_int\TGMT_WCU_SW\ATP_BUILD>java -jar c:\bin\omfanalysis.jar .\HOST\wcu_atp_win.omf 0 ..\TRA\SRC ..\SEP\SRC ..\MAC\SRC ..\BAS\SRC ..\LIF\SRC ..\COMMON\SRC_EOBMAIN  
OmfAnalysis v1.03, 24.07.2018
OMF-File: .\HOST\wcu_atp_win.omf ok.
Size=7574664 Bytes, CPU-time 2,46200 ms
CPP-file=EOB_MAIN.CPP, CPU-time 2,53700 ms
CPP-file=CONFIG.CPP, CPU-time 2,67000 ms
CPP-file=BASEVENTDISTRIBUTOR.CPP, CPU-time 2,71100 ms
CPP-file=TRACKDATABASE.CPP, CPU-time 3,05900 ms
CPP-file=BASEVENT.CPP, CPU-time 3,07800 ms
CPP-file=SEGMENTID.CPP, CPU-time 3,09700 ms
CPP-file=LISTSIGNAL.CPP, CPU-time 3,12700 ms
CPP-file=TDBASRDATA.CPP, CPU-time 3,15000 ms
CPP-file=TDBRAUZDATA.CPP, CPU-time 3,17600 ms
CPP-file=LISTCROSSING.CPP, CPU-time 3,21600 ms
CPP-file=LISTRAUZAREA.CPP, CPU-time 3,28400 ms
CPP-file=LISTTERRITORY.CPP, CPU-time 3,30900 ms
CPP-file=TDBSIGNALDATA.CPP, CPU-time 3,33300 ms
CPP-file=TDBBOOLEANDATA.CPP, CPU-time 3,36400 ms
CPP-file=TDBSEGMENTDATA.CPP, CPU-time 3,39400 ms
CPP-file=LISTSETOFPOINTS.CPP, CPU-time 3,43000 ms
CPP-file=TDBCROSSINGDATA.CPP, CPU-time 3,45300 ms
CPP-file=TDBPLATFORMDATA.CPP, CPU-time 3,47600 ms
CPP-file=ADJWCUATPHANDLER.CPP, CPU-time 3,49500 ms
CPP-file=ADJWCUATP.CPP, CPU-time 3,52300 ms
CPP-file=LISTTRACKSECTION.CPP, CPU-time 3,54200 ms
CPP-file=TDBTERRITORYDATA.CPP, CPU-time 3,56000 ms
CPP-file=LISTPLATFORMTRACK.CPP, CPU-time 3,61700 ms
CPP-file=LOADACTIVELOADING.CPP, CPU-time 3,63400 ms
CPP-file=LOADACTIVE.CPP, CPU-time 3,64900 ms
CPP-file=LOADACTIVESTANDBY.CPP, CPU-time 3,66400 ms
CPP-file=LOADPASSIVELOADED.CPP, CPU-time 3,67900 ms
CPP-file=LOADPASSIVE.CPP, CPU-time 3,69600 ms
CPP-file=TRACKLOCATIONLIST.CPP, CPU-time 3,81800 ms
CPP-file=TDBBUMPERDATA.CPP, CPU-time 3,83800 ms
CPP-file=LISTATPCONTROLAREA.CPP, CPU-time 3,86200 ms
CPP-file=LISTBOOLEANELEMENT.CPP, CPU-time 3,90000 ms
CPP-file=LOADPASSIVELOADING.CPP, CPU-time 3,91600 ms
CPP-file=LOADPASSIVENOSPLIT.CPP, CPU-time 3,93100 ms
CPP-file=LOADPASSIVEREQSEND.CPP, CPU-time 3,94500 ms
CPP-file=TDBSETOFPOINTSDATA.CPP, CPU-time 3,96900 ms
CPP-file=LOADPASSIVENOANICON.CPP, CPU-time 3,98400 ms
CPP-file=TDBSPEEDPROFILEDATA.CPP, CPU-time 4,00000 ms
CPP-file=TDBTRACKSECTIONDATA.CPP, CPU-time 4,01900 ms
CPP-file=TDBATPCONTROLAREADATA.CPP, CPU-time 4,03400 ms
CPP-file=LISTTRACKVACANCYSECTION.CPP, CPU-time 4,05400 ms
CPP-file=TDBADDITIONALPROFILEDATA.CPP, CPU-time 4,07400 ms
CPP-file=TDBTRACKVACANCYSECTIONDATA.CPP, CPU-time 4,09200 ms
CPP-file=WCUID.CPP, CPU-time 4,10700 ms
CPP-file=LISTASR.CPP, CPU-time 4,12900 ms
CPP-file=TRACKLOCATIONIMPL.CPP, CPU-time 4,21500 ms
CPP-file=TRACKLOCATION.CPP, CPU-time 4,24200 ms
CPP-file=TDB_API.CPP, CPU-time 4,26900 ms
CPP-file=TRACE.CPP, CPU-time 4,28300 ms
CPP-file=SYSTEM.CPP, CPU-time 4,30900 ms
CPP-file=EVENTINTERFACE.CPP, CPU-time 4,32900 ms
CPP-file=LOGICALINTERFACE.CPP, CPU-time 4,35300 ms
CPP-file=LOGICALINTERFACEIMPL.CPP, CPU-time 4,49200 ms
CPP-file=MAC.CPP, CPU-time 4,53200 ms
CPP-file=SDTREADER.CPP, CPU-time 4,60600 ms
CPP-file=ICIHANDLER.CPP, CPU-time 4,71700 ms
CPP-file=PSD_HANDLER.CPP, CPU-time 4,78900 ms
CPP-file=RAUZ_HANDLER.CPP, CPU-time 4,90500 ms
CPP-file=STATINDSENDER.CPP, CPU-time 4,97600 ms
CPP-file=CDIDATAMANAGER.CPP, CPU-time 5,04500 ms
CPP-file=CDI_OBJECTS.CPP, CPU-time 5,18000 ms
CPP-file=TRACK_SUPERVISOR.CPP, CPU-time 5,24900 ms
CPP-file=OBJECT_COLLECTION.CPP, CPU-time 5,30100 ms
CPP-file=MACMACDATAPROVIDER.CPP, CPU-time 5,32100 ms
CPP-file=PLAU.CPP, CPU-time 5,42900 ms
CPP-file=PLAUTVSLEVEL.CPP, CPU-time 5,45400 ms
CPP-file=ATSCOMMANDHANDLER.CPP, CPU-time 5,50700 ms
CPP-file=TRACKING_MAP.CPP, CPU-time 5,55100 ms
CPP-file=TRA_ERROR.CPP, CPU-time 5,56800 ms
CPP-file=TRATRACE.CPP, CPU-time 5,59500 ms
CPP-file=TI.CPP, CPU-time 5,68700 ms
CPP-file=SUSPICIONMARK.CPP, CPU-time 5,75300 ms
CPP-file=TIMESTAMP.CPP, CPU-time 5,76900 ms
CPP-file=TIDIR.CPP, CPU-time 5,78300 ms
CPP-file=TRATIMER.CPP, CPU-time 5,79700 ms
CPP-file=LTE.CPP, CPU-time 5,85300 ms
CPP-file=MAC_CALLBACKINTERFACE.CPP, CPU-time 5,88300 ms
CPP-file=ROUTEBEGIN.CPP, CPU-time 5,91300 ms
CPP-file=TRSTRREFCNT.CPP, CPU-time 5,93000 ms
CPP-file=TVS.CPP, CPU-time 5,97700 ms
CPP-file=TRAINREFCNT.CPP, CPU-time 5,99900 ms
CPP-file=TRAINPOS.CPP, CPU-time 6,04700 ms
CPP-file=TRA_MAIN.CPP, CPU-time 6,13800 ms
CPP-file=TRADIAG.CPP, CPU-time 6,15600 ms
CPP-file=TRAINTABLE.CPP, CPU-time 6,20500 ms
CPP-file=LTETABLE.CPP, CPU-time 6,22800 ms
CPP-file=SIGTABLE.CPP, CPU-time 6,25600 ms
CPP-file=SIG.CPP, CPU-time 6,27100 ms
CPP-file=TVSTABLE.CPP, CPU-time 6,29200 ms
CPP-file=PRPMSG.CPP, CPU-time 6,32900 ms
CPP-file=PRPCTRL.CPP, CPU-time 6,35900 ms
CPP-file=PRPMSG.TVSOCC.CPP, CPU-time 6,38700 ms
CPP-file=PRPMSG.TVSCLEAR.CPP, CPU-time 6,41000 ms
CPP-file=PRPMSG.PROCESS_OPR.CPP, CPU-time 6,55800 ms
CPP-file=PRPMSG.CA_PROPAGATION.CPP, CPU-time 6,58300 ms
CPP-file=PRPMSG.CN_PROPAGATION.CPP, CPU-time 6,60300 ms
CPP-file=PRPMSG.INVALIDATE_OPR.CPP, CPU-time 6,62900 ms
CPP-file=PRPMSG.OT_PROPAGATION.CPP, CPU-time 6,64800 ms
CPP-file=PRPMSG.PLAU_VIOLATION.CPP, CPU-time 6,66700 ms
CPP-file=PRPMSG.BROKEN_WCU_LINK.CPP, CPU-time 6,68700 ms
CPP-file=PRPMSG.LOST_POINT_POSITION.CPP, CPU-time 6,70900 ms
CPP-file=TRACONFIG.CPP, CPU-time 6,72800 ms
CPP-file=SEGTITABLE.CPP, CPU-time 6,74900 ms
CPP-file=SEGTI.CPP, CPU-time 6,76400 ms
CPP-file=WCUTABLE.CPP, CPU-time 6,77900 ms
CPP-file=WCU.CPP, CPU-time 6,79700 ms
CPP-file=SEGIVLIST.CPP, CPU-time 6,81600 ms
CPP-file=TRATIMERMGR.CPP, CPU-time 6,83200 ms
CPP-file=TRA_INITIALISE.CPP, CPU-time 6,86500 ms
CPP-file=SEPARATIONMAIN.CPP, CPU-time 6,92300 ms
CPP-file=CDI_OBJECTS_PROXY.CPP, CPU-time 6,95300 ms
CPP-file=LISTOFLOCALTRAINS.CPP, CPU-time 6,99600 ms
CPP-file=LOCALTRAIN.CPP, CPU-time 7,03200 ms
CPP-file=DATACONVERSION.CPP, CPU-time 7,05200 ms
CPP-file=LISTOFAPPROACHINGTRAINS.CPP, CPU-time 7,08900 ms
CPP-file=APPROACHINGTRAIN.CPP, CPU-time 7,12400 ms
CPP-file=WWHO_TELRECEIVE.CPP, CPU-time 7,14400 ms
CPP-file=MOVEMENTAUTHORITY.CPP, CPU-time 7,35100 ms
CPP-file=MA_LIMITS.CPP, CPU-time 7,37600 ms
CPP-file=DDIHANDLER.CPP, CPU-time 7,40500 ms
CPP-file=ELEMENTCHECK.CPP, CPU-time 7,42900 ms
CPP-file=TDBEVALUATION.CPP, CPU-time 7,47300 ms
CPP-file=PATHEVALUATION.CPP, CPU-time 7,62200 ms
CPP-file=VMALGENERATION.CPP, CPU-time 7,71000 ms
CPP-file=NVMALGENERATION.CPP, CPU-time 7,74100 ms
CPP-file=WWMA_TELRECEIVE.CPP, CPU-time 7,77900 ms
CPP-file=WWOD_TELRECEIVE.CPP, CPU-time 7,79700 ms
CPP-file=CONDITIONALRESTR.CPP, CPU-time 7,84300 ms
CPP-file=CORLOADINGGAUGE.CPP, CPU-time 7,91300 ms
CPP-file=CORBASECLASS.CPP, CPU-time 7,93300 ms
CPP-file=CORTRACKSECTION.CPP, CPU-time 7,95800 ms
CPP-file=MA_PATHPOSBUFFER.CPP, CPU-time 8,02800 ms
CPP-file=MA_PATHPOS.CPP, CPU-time 8,05600 ms
CPP-file=LISTOFMA_PATHELEMENTS.CPP, CPU-time 8,08100 ms
CPP-file=MA_PATHELEMENT.CPP, CPU-time 8,16100 ms
CPP-file=TRACKINGMAPEVALUATION.CPP, CPU-time 8,18800 ms
CPP-file=CORNODE.CPP, CPU-time 8,20400 ms
CPP-file=CORELEMENT.CPP, CPU-time 8,23500 ms
CPP-file=REVERSAL.CPP, CPU-time 8,27600 ms
CPP-file=WMA_TELBASECLASS.CPP, CPU-time 8,31400 ms
CPP-file=PATHCOLLECTOR.CPP, CPU-time 8,33900 ms
CPP-file=WOD_TELBASECLASS.CPP, CPU-time 8,35500 ms
CPP-file=PREVIEWLIST.CPP, CPU-time 8,38700 ms
CPP-file=LISTOFWCU_BOUNDARIES.CPP, CPU-time 8,40600 ms
CPP-file=WCU_BOUNDARY.CPP, CPU-time 8,42600 ms
CPP-file=CONFIGPARAM.CPP, CPU-time 8,45100 ms
CPP-file=WMA_TELSEND.CPP, CPU-time 8,46600 ms
CPP-file=WOD_TELSEND.CPP, CPU-time 8,48200 ms
CPP-file=WWHO_TELSEND.CPP, CPU-time 8,50100 ms
CPP-file=WWMA_TELSEND.CPP, CPU-time 8,51800 ms
CPP-file=WWOD_TELSEND.CPP, CPU-time 8,53400 ms
CPP-file=WWTO_TELSEND.CPP, CPU-time 8,55000 ms
CPP-file=LISTOFMA.CPP, CPU-time 8,56800 ms
